Processing az-delivery-devkit-v4 (platform: espressif32@^6.9.0; framework: arduino; board: az-delivery-devkit-v4)
--------------------------------------------------------------------------------
Verbose mode can be enabled via `-v, --verbose` option
CONFIGURATION: https://docs.platformio.org/page/boards/espressif32/az-delivery-devkit-v4.html
PLATFORM: Espressif 32 (6.12.0) > AZ-Delivery ESP-32 Dev Kit C V4
HARDWARE: ESP32 240MHz, 520KB RAM, 4MB Flash
DEBUG: Current (cmsis-dap) External (cmsis-dap, esp-bridge, esp-prog, iot-bus-jtag, jlink, minimodule, olimex-arm-usb-ocd, olimex-arm-usb-ocd-h, olimex-arm-usb-tiny-h, olimex-jtag-tiny, tumpa)
PACKAGES: 
 - framework-arduinoespressif32 @ 3.20017.241212+sha.dcc1105b 
 - tool-esptoolpy @ 2.40900.250804 (4.9.0) 
 - tool-openocd-esp32 @ 2.1100.20220706 (11.0) 
 - toolchain-xtensa-esp32 @ 8.4.0+2021r2-patch5
LDF: Library Dependency Finder -> https://bit.ly/configure-pio-ldf
LDF Modes: Finder ~ chain, Compatibility ~ soft
Found 42 compatible libraries
Scanning dependencies...
Dependency Graph
|-- SensESP @ 3.1.1
|-- INA226 @ 0.6.5
|-- OneWire @ 3.0.2
|-- Preferences @ 2.0.0
Building in release mode
Compiling .pio\build\az-delivery-devkit-v4\src\ah_integrator.cpp.o
Compiling .pio\build\az-delivery-devkit-v4\src\battery_helper.cpp.o
Compiling .pio\build\az-delivery-devkit-v4\src\main.cpp.o
Compiling .pio\build\az-delivery-devkit-v4\src\onewire_helper.cpp.o
Building .pio\build\az-delivery-devkit-v4\bootloader.bin
Generating partitions .pio\build\az-delivery-devkit-v4\partitions.bin
esptool.py v4.9.0
Creating esp32 image...
Merged 1 ELF section
Successfully created esp32 image.
Compiling .pio\build\az-delivery-devkit-v4\lib79d\ReactESP\event_loop.cpp.o
Compiling .pio\build\az-delivery-devkit-v4\lib79d\ReactESP\events.cpp.o
Compiling .pio\build\az-delivery-devkit-v4\liba9d\AceButton\ace_button\AceButton.cpp.o
Compiling .pio\build\az-delivery-devkit-v4\liba9d\AceButton\ace_button\ButtonConfig.cpp.o
Compiling .pio\build\az-delivery-devkit-v4\liba9d\AceButton\ace_button\EncodedButtonConfig.cpp.o
Compiling .pio\build\az-delivery-devkit-v4\liba9d\AceButton\ace_button\LadderButtonConfig.cpp.o
Archiving .pio\build\az-delivery-devkit-v4\lib79d\libReactESP.a
Compiling .pio\build\az-delivery-devkit-v4\liba9d\AceButton\ace_button\testing\EventTracker.cpp.o
Indexing .pio\build\az-delivery-devkit-v4\lib79d\libReactESP.a
Compiling .pio\build\az-delivery-devkit-v4\libc3b\SPI\SPI.cpp.o
Compiling .pio\build\az-delivery-devkit-v4\libaa5\I2S\I2S.cpp.o
Compiling .pio\build\az-delivery-devkit-v4\libe36\FS\FS.cpp.o
Compiling .pio\build\az-delivery-devkit-v4\libe36\FS\vfs_api.cpp.o
Compiling .pio\build\az-delivery-devkit-v4\lib4e0\SD\SD.cpp.o
Archiving .pio\build\az-delivery-devkit-v4\liba9d\libAceButton.a
Indexing .pio\build\az-delivery-devkit-v4\liba9d\libAceButton.a
Compiling .pio\build\az-delivery-devkit-v4\lib4e0\SD\sd_diskio.cpp.o
Compiling .pio\build\az-delivery-devkit-v4\lib4e0\SD\sd_diskio_crc.c.o
Archiving .pio\build\az-delivery-devkit-v4\libc3b\libSPI.a
Indexing .pio\build\az-delivery-devkit-v4\libc3b\libSPI.a
Compiling .pio\build\az-delivery-devkit-v4\lib1ad\FastLED\FastLED.cpp.o
Archiving .pio\build\az-delivery-devkit-v4\libaa5\libI2S.a
Compiling .pio\build\az-delivery-devkit-v4\lib1ad\FastLED\bitswap.cpp.o
Compiling .pio\build\az-delivery-devkit-v4\lib1ad\FastLED\cled_controller.cpp.o
Compiling .pio\build\az-delivery-devkit-v4\lib1ad\FastLED\colorpalettes.cpp.o
Indexing .pio\build\az-delivery-devkit-v4\libaa5\libI2S.a
Compiling .pio\build\az-delivery-devkit-v4\lib1ad\FastLED\crgb.cpp.o
Compiling .pio\build\az-delivery-devkit-v4\lib1ad\FastLED\fl\allocator.cpp.o
Archiving .pio\build\az-delivery-devkit-v4\libe36\libFS.a
Indexing .pio\build\az-delivery-devkit-v4\libe36\libFS.a
Compiling .pio\build\az-delivery-devkit-v4\lib1ad\FastLED\fl\async.cpp.o
Compiling .pio\build\az-delivery-devkit-v4\lib1ad\FastLED\fl\audio.cpp.o
Archiving .pio\build\az-delivery-devkit-v4\lib4e0\libSD.a
Indexing .pio\build\az-delivery-devkit-v4\lib4e0\libSD.a
Compiling .pio\build\az-delivery-devkit-v4\lib1ad\FastLED\fl\audio_input.cpp.o
Compiling .pio\build\az-delivery-devkit-v4\lib1ad\FastLED\fl\audio_reactive.cpp.o
Compiling .pio\build\az-delivery-devkit-v4\lib1ad\FastLED\fl\bitset.cpp.o
Compiling .pio\build\az-delivery-devkit-v4\lib1ad\FastLED\fl\blur.cpp.o
Compiling .pio\build\az-delivery-devkit-v4\lib1ad\FastLED\fl\bytestreammemory.cpp.o
Compiling .pio\build\az-delivery-devkit-v4\lib1ad\FastLED\fl\colorutils.cpp.o
Compiling .pio\build\az-delivery-devkit-v4\lib1ad\FastLED\fl\corkscrew.cpp.o
Compiling .pio\build\az-delivery-devkit-v4\lib1ad\FastLED\fl\crgb_hsv16.cpp.o
Compiling .pio\build\az-delivery-devkit-v4\lib1ad\FastLED\fl\downscale.cpp.o
Compiling .pio\build\az-delivery-devkit-v4\lib1ad\FastLED\fl\ease.cpp.o
Compiling .pio\build\az-delivery-devkit-v4\lib1ad\FastLED\fl\engine_events.cpp.o
Compiling .pio\build\az-delivery-devkit-v4\lib1ad\FastLED\fl\fetch.cpp.o
Compiling .pio\build\az-delivery-devkit-v4\lib1ad\FastLED\fl\fft.cpp.o
Compiling .pio\build\az-delivery-devkit-v4\lib1ad\FastLED\fl\fft_impl.cpp.o
Compiling .pio\build\az-delivery-devkit-v4\lib1ad\FastLED\fl\file_system.cpp.o
Compiling .pio\build\az-delivery-devkit-v4\lib1ad\FastLED\fl\fill.cpp.o
Compiling .pio\build\az-delivery-devkit-v4\lib1ad\FastLED\fl\gamma.cpp.o
Compiling .pio\build\az-delivery-devkit-v4\lib1ad\FastLED\fl\gradient.cpp.o
Compiling .pio\build\az-delivery-devkit-v4\lib1ad\FastLED\fl\hsv16.cpp.o
Compiling .pio\build\az-delivery-devkit-v4\lib1ad\FastLED\fl\id_tracker.cpp.o
Compiling .pio\build\az-delivery-devkit-v4\lib1ad\FastLED\fl\io.cpp.o
Compiling .pio\build\az-delivery-devkit-v4\lib1ad\FastLED\fl\istream.cpp.o
Compiling .pio\build\az-delivery-devkit-v4\lib1ad\FastLED\fl\json.cpp.o
Compiling .pio\build\az-delivery-devkit-v4\lib1ad\FastLED\fl\leds.cpp.o
Compiling .pio\build\az-delivery-devkit-v4\lib1ad\FastLED\fl\line_simplification.cpp.o
Compiling .pio\build\az-delivery-devkit-v4\lib1ad\FastLED\fl\noise_woryley.cpp.o
Compiling .pio\build\az-delivery-devkit-v4\lib1ad\FastLED\fl\ostream.cpp.o
Compiling .pio\build\az-delivery-devkit-v4\lib1ad\FastLED\fl\ptr.cpp.o
Compiling .pio\build\az-delivery-devkit-v4\lib1ad\FastLED\fl\random.cpp.o
Compiling .pio\build\az-delivery-devkit-v4\lib1ad\FastLED\fl\raster_sparse.cpp.o
Compiling .pio\build\az-delivery-devkit-v4\lib1ad\FastLED\fl\rectangular_draw_buffer.cpp.o
Compiling .pio\build\az-delivery-devkit-v4\lib1ad\FastLED\fl\referent.cpp.o
Compiling .pio\build\az-delivery-devkit-v4\lib1ad\FastLED\fl\rgbw.cpp.o
Compiling .pio\build\az-delivery-devkit-v4\lib1ad\FastLED\fl\screenmap.cpp.o
Compiling .pio\build\az-delivery-devkit-v4\lib1ad\FastLED\fl\sin32.cpp.o
Compiling .pio\build\az-delivery-devkit-v4\lib1ad\FastLED\fl\splat.cpp.o
Compiling .pio\build\az-delivery-devkit-v4\lib1ad\FastLED\fl\str.cpp.o
Compiling .pio\build\az-delivery-devkit-v4\lib1ad\FastLED\fl\str_ui.cpp.o
Compiling .pio\build\az-delivery-devkit-v4\lib1ad\FastLED\fl\strstream.cpp.o
Compiling .pio\build\az-delivery-devkit-v4\lib1ad\FastLED\fl\stub_main.cpp.o
Compiling .pio\build\az-delivery-devkit-v4\lib1ad\FastLED\fl\task.cpp.o
Compiling .pio\build\az-delivery-devkit-v4\lib1ad\FastLED\fl\tile2x2.cpp.o
Compiling .pio\build\az-delivery-devkit-v4\lib1ad\FastLED\fl\time.cpp.o
Compiling .pio\build\az-delivery-devkit-v4\lib1ad\FastLED\fl\time_alpha.cpp.o
Compiling .pio\build\az-delivery-devkit-v4\lib1ad\FastLED\fl\transform.cpp.o
Compiling .pio\build\az-delivery-devkit-v4\lib1ad\FastLED\fl\type_traits.cpp.o
Compiling .pio\build\az-delivery-devkit-v4\lib1ad\FastLED\fl\ui.cpp.o
Compiling .pio\build\az-delivery-devkit-v4\lib1ad\FastLED\fl\upscale.cpp.o
Compiling .pio\build\az-delivery-devkit-v4\lib1ad\FastLED\fl\wave_simulation.cpp.o
Compiling .pio\build\az-delivery-devkit-v4\lib1ad\FastLED\fl\wave_simulation_real.cpp.o
Compiling .pio\build\az-delivery-devkit-v4\lib1ad\FastLED\fl\xmap.cpp.o
Compiling .pio\build\az-delivery-devkit-v4\lib1ad\FastLED\fl\xymap.cpp.o
Compiling .pio\build\az-delivery-devkit-v4\lib1ad\FastLED\fl\xypath.cpp.o
Compiling .pio\build\az-delivery-devkit-v4\lib1ad\FastLED\fl\xypath_impls.cpp.o
Compiling .pio\build\az-delivery-devkit-v4\lib1ad\FastLED\fl\xypath_renderer.cpp.o
Compiling .pio\build\az-delivery-devkit-v4\lib1ad\FastLED\fx\2d\blend.cpp.o
Compiling .pio\build\az-delivery-devkit-v4\lib1ad\FastLED\fx\2d\luminova.cpp.o
Compiling .pio\build\az-delivery-devkit-v4\lib1ad\FastLED\fx\2d\noisepalette.cpp.o
Compiling .pio\build\az-delivery-devkit-v4\lib1ad\FastLED\fx\2d\scale_up.cpp.o
Compiling .pio\build\az-delivery-devkit-v4\lib1ad\FastLED\fx\2d\wave.cpp.o
Compiling .pio\build\az-delivery-devkit-v4\lib1ad\FastLED\fx\detail\fx_layer.cpp.o
Compiling .pio\build\az-delivery-devkit-v4\lib1ad\FastLED\fx\frame.cpp.o
Compiling .pio\build\az-delivery-devkit-v4\lib1ad\FastLED\fx\fx_engine.cpp.o
Compiling .pio\build\az-delivery-devkit-v4\lib1ad\FastLED\fx\time.cpp.o
Compiling .pio\build\az-delivery-devkit-v4\lib1ad\FastLED\fx\video.cpp.o
Compiling .pio\build\az-delivery-devkit-v4\lib1ad\FastLED\fx\video\frame_interpolator.cpp.o
Compiling .pio\build\az-delivery-devkit-v4\lib1ad\FastLED\fx\video\frame_tracker.cpp.o
Compiling .pio\build\az-delivery-devkit-v4\lib1ad\FastLED\fx\video\pixel_stream.cpp.o
Compiling .pio\build\az-delivery-devkit-v4\lib1ad\FastLED\fx\video\video_impl.cpp.o
Compiling .pio\build\az-delivery-devkit-v4\lib1ad\FastLED\hsv2rgb.cpp.o
Compiling .pio\build\az-delivery-devkit-v4\lib1ad\FastLED\lib8tion.cpp.o
Compiling .pio\build\az-delivery-devkit-v4\lib1ad\FastLED\noise.cpp.o
Compiling .pio\build\az-delivery-devkit-v4\lib1ad\FastLED\platforms.cpp.o
Compiling .pio\build\az-delivery-devkit-v4\lib1ad\FastLED\platforms\adafruit\clockless.cpp.o
Compiling .pio\build\az-delivery-devkit-v4\lib1ad\FastLED\platforms\arm\k20\clockless_objectfled.cpp.o
Compiling .pio\build\az-delivery-devkit-v4\lib1ad\FastLED\platforms\arm\mgm240\fastpin_arm_mgm240.cpp.o
Compiling .pio\build\az-delivery-devkit-v4\lib1ad\FastLED\platforms\compile_test.cpp.o
Compiling .pio\build\az-delivery-devkit-v4\lib1ad\FastLED\platforms\esp\32\audio\audio.cpp.o
Compiling .pio\build\az-delivery-devkit-v4\lib1ad\FastLED\platforms\esp\32\audio\sound_util.cpp.o
Compiling .pio\build\az-delivery-devkit-v4\lib1ad\FastLED\platforms\esp\32\clockless_i2s_esp32s3.cpp.o
Compiling .pio\build\az-delivery-devkit-v4\lib1ad\FastLED\platforms\esp\32\i2s\i2s_esp32dev.cpp.o
Compiling .pio\build\az-delivery-devkit-v4\lib1ad\FastLED\platforms\esp\32\rmt_4\idf4_rmt.cpp.o
Compiling .pio\build\az-delivery-devkit-v4\lib1ad\FastLED\platforms\esp\32\rmt_4\idf4_rmt_impl.cpp.o
Compiling .pio\build\az-delivery-devkit-v4\lib1ad\FastLED\platforms\esp\32\rmt_5\idf5_rmt.cpp.o
Compiling .pio\build\az-delivery-devkit-v4\lib1ad\FastLED\platforms\esp\32\rmt_5\strip_rmt.cpp.o
Compiling .pio\build\az-delivery-devkit-v4\lib1ad\FastLED\platforms\esp\32\spi_ws2812\strip_spi.cpp.o
Compiling .pio\build\az-delivery-devkit-v4\lib1ad\FastLED\platforms\stub\Arduino.cpp.o
Compiling .pio\build\az-delivery-devkit-v4\lib1ad\FastLED\platforms\stub\led_sysdefs_stub.cpp.o
Compiling .pio\build\az-delivery-devkit-v4\lib1ad\FastLED\platforms\stub\time_stub.cpp.o
Compiling .pio\build\az-delivery-devkit-v4\lib1ad\FastLED\platforms\wasm\active_strip_data.cpp.o
Compiling .pio\build\az-delivery-devkit-v4\lib1ad\FastLED\platforms\wasm\engine_listener.cpp.o
Compiling .pio\build\az-delivery-devkit-v4\lib1ad\FastLED\platforms\wasm\entry_point.cpp.o
Compiling .pio\build\az-delivery-devkit-v4\lib1ad\FastLED\platforms\wasm\fastspi_wasm.cpp.o
Compiling .pio\build\az-delivery-devkit-v4\lib1ad\FastLED\platforms\wasm\fs_wasm.cpp.o
Compiling .pio\build\az-delivery-devkit-v4\lib1ad\FastLED\platforms\wasm\js.cpp.o
Compiling .pio\build\az-delivery-devkit-v4\lib1ad\FastLED\platforms\wasm\js_bindings.cpp.o
Compiling .pio\build\az-delivery-devkit-v4\lib1ad\FastLED\platforms\wasm\js_fetch.cpp.o
Compiling .pio\build\az-delivery-devkit-v4\lib1ad\FastLED\platforms\wasm\timer.cpp.o
Compiling .pio\build\az-delivery-devkit-v4\lib1ad\FastLED\platforms\wasm\ui.cpp.o
Compiling .pio\build\az-delivery-devkit-v4\lib1ad\FastLED\power_mgt.cpp.o
Compiling .pio\build\az-delivery-devkit-v4\lib1ad\FastLED\sensors\button.cpp.o
Compiling .pio\build\az-delivery-devkit-v4\lib1ad\FastLED\sensors\digital_pin.cpp.o
Compiling .pio\build\az-delivery-devkit-v4\lib1ad\FastLED\sensors\pir.cpp.o
Compiling .pio\build\az-delivery-devkit-v4\lib1ad\FastLED\simplex.cpp.o
Compiling .pio\build\az-delivery-devkit-v4\lib1ad\FastLED\third_party\cq_kernel\cq_kernel.cpp.o
Compiling .pio\build\az-delivery-devkit-v4\lib1ad\FastLED\third_party\cq_kernel\kiss_fft.cpp.o
Compiling .pio\build\az-delivery-devkit-v4\lib1ad\FastLED\third_party\cq_kernel\kiss_fftr.cpp.o
Compiling .pio\build\az-delivery-devkit-v4\lib1ad\FastLED\third_party\espressif\led_strip\src\led_strip_api.c.o
Compiling .pio\build\az-delivery-devkit-v4\lib1ad\FastLED\third_party\espressif\led_strip\src\led_strip_rmt_dev.c.o
Compiling .pio\build\az-delivery-devkit-v4\lib1ad\FastLED\third_party\espressif\led_strip\src\led_strip_rmt_encoder.c.o
Compiling .pio\build\az-delivery-devkit-v4\lib1ad\FastLED\third_party\espressif\led_strip\src\led_strip_spi_dev.c.o
Compiling .pio\build\az-delivery-devkit-v4\lib1ad\FastLED\third_party\object_fled\src\OjectFLED.cpp.o
Compiling .pio\build\az-delivery-devkit-v4\lib1ad\FastLED\transpose8x1_noinline.cpp.o
Compiling .pio\build\az-delivery-devkit-v4\lib1ad\FastLED\wiring.cpp.o
Compiling .pio\build\az-delivery-devkit-v4\lib1e1\SPIFFS\SPIFFS.cpp.o
Compiling .pio\build\az-delivery-devkit-v4\lib4cd\WiFi\WiFi.cpp.o
Compiling .pio\build\az-delivery-devkit-v4\lib4cd\WiFi\WiFiAP.cpp.o
Compiling .pio\build\az-delivery-devkit-v4\lib4cd\WiFi\WiFiClient.cpp.o
Compiling .pio\build\az-delivery-devkit-v4\lib4cd\WiFi\WiFiGeneric.cpp.o
Compiling .pio\build\az-delivery-devkit-v4\lib4cd\WiFi\WiFiMulti.cpp.o
Compiling .pio\build\az-delivery-devkit-v4\lib4cd\WiFi\WiFiSTA.cpp.o
Archiving .pio\build\az-delivery-devkit-v4\lib1ad\libFastLED.a
Indexing .pio\build\az-delivery-devkit-v4\lib1ad\libFastLED.a
Archiving .pio\build\az-delivery-devkit-v4\lib1e1\libSPIFFS.a
Indexing .pio\build\az-delivery-devkit-v4\lib1e1\libSPIFFS.a
Compiling .pio\build\az-delivery-devkit-v4\lib4cd\WiFi\WiFiScan.cpp.o
Compiling .pio\build\az-delivery-devkit-v4\lib4cd\WiFi\WiFiServer.cpp.o
Compiling .pio\build\az-delivery-devkit-v4\lib4cd\WiFi\WiFiUdp.cpp.o
Compiling .pio\build\az-delivery-devkit-v4\liba12\ESPmDNS\ESPmDNS.cpp.o
Compiling .pio\build\az-delivery-devkit-v4\libdcc\WiFiClientSecure\WiFiClientSecure.cpp.o
Compiling .pio\build\az-delivery-devkit-v4\libdcc\WiFiClientSecure\esp_crt_bundle.c.o
Compiling .pio\build\az-delivery-devkit-v4\libdcc\WiFiClientSecure\ssl_client.cpp.o
Compiling .pio\build\az-delivery-devkit-v4\liba53\HTTPClient\HTTPClient.cpp.o
Compiling .pio\build\az-delivery-devkit-v4\libacd\DNSServer\DNSServer.cpp.o
Compiling .pio\build\az-delivery-devkit-v4\lib1ca\Update\HttpsOTAUpdate.cpp.o
Archiving .pio\build\az-delivery-devkit-v4\lib4cd\libWiFi.a
Compiling .pio\build\az-delivery-devkit-v4\lib1ca\Update\Updater.cpp.o
Indexing .pio\build\az-delivery-devkit-v4\lib4cd\libWiFi.a
Compiling .pio\build\az-delivery-devkit-v4\lib39f\ArduinoOTA\ArduinoOTA.cpp.o
Archiving .pio\build\az-delivery-devkit-v4\liba12\libESPmDNS.a
Indexing .pio\build\az-delivery-devkit-v4\liba12\libESPmDNS.a
Compiling .pio\build\az-delivery-devkit-v4\libf6c\SensESP\sensesp.cpp.o
Compiling .pio\build\az-delivery-devkit-v4\libf6c\SensESP\sensesp\controllers\smart_switch_controller.cpp.o
Compiling .pio\build\az-delivery-devkit-v4\libf6c\SensESP\sensesp\net\discovery.cpp.o
Archiving .pio\build\az-delivery-devkit-v4\libdcc\libWiFiClientSecure.a
Indexing .pio\build\az-delivery-devkit-v4\libdcc\libWiFiClientSecure.a
Compiling .pio\build\az-delivery-devkit-v4\libf6c\SensESP\sensesp\net\http_authenticator.cpp.o
Archiving .pio\build\az-delivery-devkit-v4\libacd\libDNSServer.a
Indexing .pio\build\az-delivery-devkit-v4\libacd\libDNSServer.a
Archiving .pio\build\az-delivery-devkit-v4\liba53\libHTTPClient.a
Indexing .pio\build\az-delivery-devkit-v4\liba53\libHTTPClient.a
Compiling .pio\build\az-delivery-devkit-v4\libf6c\SensESP\sensesp\net\http_server.cpp.o
Compiling .pio\build\az-delivery-devkit-v4\libf6c\SensESP\sensesp\net\networking.cpp.o
Archiving .pio\build\az-delivery-devkit-v4\lib1ca\libUpdate.a
Indexing .pio\build\az-delivery-devkit-v4\lib1ca\libUpdate.a
Compiling .pio\build\az-delivery-devkit-v4\libf6c\SensESP\sensesp\net\ota.cpp.o
Archiving .pio\build\az-delivery-devkit-v4\lib39f\libArduinoOTA.a
Indexing .pio\build\az-delivery-devkit-v4\lib39f\libArduinoOTA.a
Compiling .pio\build\az-delivery-devkit-v4\libf6c\SensESP\sensesp\net\web\app_command_handler.cpp.o
Compiling .pio\build\az-delivery-devkit-v4\libf6c\SensESP\sensesp\net\web\base_command_handler.cpp.o
Compiling .pio\build\az-delivery-devkit-v4\libf6c\SensESP\sensesp\net\web\config_handler.cpp.o
Compiling .pio\build\az-delivery-devkit-v4\libf6c\SensESP\sensesp\net\web\static_file_handler.cpp.o
Compiling .pio\build\az-delivery-devkit-v4\libf6c\SensESP\sensesp\sensors\analog_input.cpp.o
Compiling .pio\build\az-delivery-devkit-v4\libf6c\SensESP\sensesp\sensors\digital_input.cpp.o
Compiling .pio\build\az-delivery-devkit-v4\libf6c\SensESP\sensesp\sensors\digital_output.cpp.o
Compiling .pio\build\az-delivery-devkit-v4\libf6c\SensESP\sensesp\sensors\digital_pcnt_input.cpp.o
C:\Users\ib\.platformio\penv\Scripts\platformio.exe : In file included from 
.pio/libdeps/az-delivery-devkit-v4/SensESP/src/sensesp/sensors/analog_input.cpp:3:
At line:1 char:1
+ C:\Users\ib\.platformio\penv\Scripts\platformio.exe run 2>&1 | Tee-Ob ...
+ ~~~~~~~~~~~~~~~~~~~~~~~~~~~~~~~~~~~~~~~~~~~~~~~~~~~~~~~~~~~~
    + CategoryInfo          : NotSpecified: (In file include...og_input.cpp:3::String) [], RemoteExceptio 
   n
    + FullyQualifiedErrorId : NativeCommandError
 
.pio/libdeps/az-delivery-devkit-v4/SensESP/src/sensesp/sensors/analog_input.h:44:7: warning: attribute 
ignored in declaration of 'class sensesp::AnalogInput' [-Wattributes]
 class AnalogInput : public FloatSensor {
       ^~~~~~~~~~~
.pio/libdeps/az-delivery-devkit-v4/SensESP/src/sensesp/sensors/analog_input.h:44:7: note: attribute for 
'class sensesp::AnalogInput' must follow the 'class' keyword
Compiling .pio\build\az-delivery-devkit-v4\libf6c\SensESP\sensesp\sensors\system_info.cpp.o
Compiling .pio\build\az-delivery-devkit-v4\libf6c\SensESP\sensesp\signalk\signalk_delta_queue.cpp.o
Compiling .pio\build\az-delivery-devkit-v4\libf6c\SensESP\sensesp\signalk\signalk_emitter.cpp.o
Compiling .pio\build\az-delivery-devkit-v4\libf6c\SensESP\sensesp\signalk\signalk_listener.cpp.o
Compiling .pio\build\az-delivery-devkit-v4\libf6c\SensESP\sensesp\signalk\signalk_metadata.cpp.o
Compiling .pio\build\az-delivery-devkit-v4\libf6c\SensESP\sensesp\signalk\signalk_output.cpp.o
Compiling .pio\build\az-delivery-devkit-v4\libf6c\SensESP\sensesp\signalk\signalk_put_request.cpp.o
In file included from 
.pio/libdeps/az-delivery-devkit-v4/SensESP/src/sensesp/sensors/digital_pcnt_input.cpp:1:
.pio/libdeps/az-delivery-devkit-v4/SensESP/src/sensesp/sensors/digital_pcnt_input.h:10:2: warning: 
#warning "The Pulse Counter API is only available in ESP32 Arduino Core 3.0.0 and later" [-Wcpp]
 #warning \
  ^~~~~~~
.pio/libdeps/az-delivery-devkit-v4/SensESP/src/sensesp/sensors/digital_pcnt_input.cpp:4:2: warning: 
#warning "The Pulse Counter API is only available in ESP32 Arduino Core 3.0.0 and later" [-Wcpp]
 #warning "The Pulse Counter API is only available in ESP32 Arduino Core 3.0.0 and later"
  ^~~~~~~
Compiling .pio\build\az-delivery-devkit-v4\libf6c\SensESP\sensesp\signalk\signalk_put_request_listener.cpp.o
Compiling .pio\build\az-delivery-devkit-v4\libf6c\SensESP\sensesp\signalk\signalk_time.cpp.o
Compiling .pio\build\az-delivery-devkit-v4\libf6c\SensESP\sensesp\signalk\signalk_types.cpp.o
Compiling .pio\build\az-delivery-devkit-v4\libf6c\SensESP\sensesp\signalk\signalk_ws_client.cpp.o
Compiling .pio\build\az-delivery-devkit-v4\libf6c\SensESP\sensesp\system\button.cpp.o
Compiling .pio\build\az-delivery-devkit-v4\libf6c\SensESP\sensesp\system\filesystem.cpp.o
Compiling .pio\build\az-delivery-devkit-v4\libf6c\SensESP\sensesp\system\hash.cpp.o
Compiling .pio\build\az-delivery-devkit-v4\libf6c\SensESP\sensesp\system\led_blinker.cpp.o
Compiling .pio\build\az-delivery-devkit-v4\libf6c\SensESP\sensesp\system\local_debug.cpp.o
Compiling .pio\build\az-delivery-devkit-v4\libf6c\SensESP\sensesp\system\resettable.cpp.o
Compiling .pio\build\az-delivery-devkit-v4\libf6c\SensESP\sensesp\system\rgb_led.cpp.o
Compiling .pio\build\az-delivery-devkit-v4\libf6c\SensESP\sensesp\system\saveable.cpp.o
Compiling .pio\build\az-delivery-devkit-v4\libf6c\SensESP\sensesp\system\system_status_led.cpp.o
Compiling .pio\build\az-delivery-devkit-v4\libf6c\SensESP\sensesp\system\uuid.cpp.o
Compiling .pio\build\az-delivery-devkit-v4\libf6c\SensESP\sensesp\transforms\air_density.cpp.o
Compiling .pio\build\az-delivery-devkit-v4\libf6c\SensESP\sensesp\transforms\analogvoltage.cpp.o
Compiling .pio\build\az-delivery-devkit-v4\libf6c\SensESP\sensesp\transforms\angle_correction.cpp.o
Compiling .pio\build\az-delivery-devkit-v4\libf6c\SensESP\sensesp\transforms\change_filter.cpp.o
Compiling .pio\build\az-delivery-devkit-v4\libf6c\SensESP\sensesp\transforms\click_type.cpp.o
Compiling .pio\build\az-delivery-devkit-v4\libf6c\SensESP\sensesp\transforms\curveinterpolator.cpp.o
Compiling .pio\build\az-delivery-devkit-v4\libf6c\SensESP\sensesp\transforms\dew_point.cpp.o
Compiling .pio\build\az-delivery-devkit-v4\libf6c\SensESP\sensesp\transforms\frequency.cpp.o
Compiling .pio\build\az-delivery-devkit-v4\libf6c\SensESP\sensesp\transforms\heat_index.cpp.o
Compiling .pio\build\az-delivery-devkit-v4\libf6c\SensESP\sensesp\transforms\linear.cpp.o
Compiling .pio\build\az-delivery-devkit-v4\libf6c\SensESP\sensesp\transforms\median.cpp.o
Compiling .pio\build\az-delivery-devkit-v4\libf6c\SensESP\sensesp\transforms\moving_average.cpp.o
Compiling .pio\build\az-delivery-devkit-v4\libf6c\SensESP\sensesp\transforms\press_repeater.cpp.o
Compiling .pio\build\az-delivery-devkit-v4\libf6c\SensESP\sensesp\transforms\threshold.cpp.o
Compiling .pio\build\az-delivery-devkit-v4\libf6c\SensESP\sensesp\transforms\timestring.cpp.o
Compiling .pio\build\az-delivery-devkit-v4\libf6c\SensESP\sensesp\transforms\transform.cpp.o
Compiling .pio\build\az-delivery-devkit-v4\libf6c\SensESP\sensesp\transforms\truth_text.cpp.o
Compiling .pio\build\az-delivery-devkit-v4\libf6c\SensESP\sensesp\transforms\typecast.cpp.o
Compiling .pio\build\az-delivery-devkit-v4\libf6c\SensESP\sensesp\transforms\voltage_multiplier.cpp.o
Compiling .pio\build\az-delivery-devkit-v4\libf6c\SensESP\sensesp\transforms\voltagedivider.cpp.o
Compiling .pio\build\az-delivery-devkit-v4\libf6c\SensESP\sensesp\types\nullable.cpp.o
Compiling .pio\build\az-delivery-devkit-v4\libf6c\SensESP\sensesp\types\position.cpp.o
Compiling .pio\build\az-delivery-devkit-v4\libf6c\SensESP\sensesp\ui\config_item.cpp.o
Compiling .pio\build\az-delivery-devkit-v4\libf6c\SensESP\sensesp\ui\status_page_item.cpp.o
Compiling .pio\build\az-delivery-devkit-v4\libf6c\SensESP\sensesp\ui\ui_button.cpp.o
Compiling .pio\build\az-delivery-devkit-v4\libf6c\SensESP\sensesp\ui\ui_controls.cpp.o
Compiling .pio\build\az-delivery-devkit-v4\libf6c\SensESP\sensesp_app.cpp.o
Compiling .pio\build\az-delivery-devkit-v4\libf6c\SensESP\sensesp_base_app.cpp.o
Compiling .pio\build\az-delivery-devkit-v4\libc90\Wire\Wire.cpp.o
Compiling .pio\build\az-delivery-devkit-v4\lib666\INA226\INA226.cpp.o
Compiling .pio\build\az-delivery-devkit-v4\lib04b\OneWireNg\OneWireNg.cpp.o
Compiling .pio\build\az-delivery-devkit-v4\lib04b\OneWireNg\OneWireNg_BitBang.cpp.o
Compiling .pio\build\az-delivery-devkit-v4\lib04b\OneWireNg\drivers\DSTherm.cpp.o
Compiling .pio\build\az-delivery-devkit-v4\lib04b\OneWireNg\platform\OneWireNg_ArduinoIdfESP32.cpp.o
Archiving .pio\build\az-delivery-devkit-v4\libc90\libWire.a
Indexing .pio\build\az-delivery-devkit-v4\libc90\libWire.a
Compiling .pio\build\az-delivery-devkit-v4\lib04b\OneWireNg\platform\OneWireNg_ArduinoIdfESP8266.cpp.o
Archiving .pio\build\az-delivery-devkit-v4\lib666\libINA226.a
Indexing .pio\build\az-delivery-devkit-v4\lib666\libINA226.a
Compiling .pio\build\az-delivery-devkit-v4\lib04b\OneWireNg\platform\Platform_Delay.cpp.o
Compiling .pio\build\az-delivery-devkit-v4\lib04b\OneWireNg\platform\Platform_TimeCritical.cpp.o
Compiling .pio\build\az-delivery-devkit-v4\lib9b0\OneWire\sensesp_onewire\onewire_temperature.cpp.o
Compiling .pio\build\az-delivery-devkit-v4\libcb7\Preferences\Preferences.cpp.o
Compiling .pio\build\az-delivery-devkit-v4\FrameworkArduino\Esp.cpp.o
Compiling .pio\build\az-delivery-devkit-v4\FrameworkArduino\FirmwareMSC.cpp.o
Archiving .pio\build\az-delivery-devkit-v4\libf6c\libSensESP.a
Compiling .pio\build\az-delivery-devkit-v4\FrameworkArduino\FunctionalInterrupt.cpp.o
Indexing .pio\build\az-delivery-devkit-v4\libf6c\libSensESP.a
Compiling .pio\build\az-delivery-devkit-v4\FrameworkArduino\HWCDC.cpp.o
Compiling .pio\build\az-delivery-devkit-v4\FrameworkArduino\HardwareSerial.cpp.o
Compiling .pio\build\az-delivery-devkit-v4\FrameworkArduino\IPAddress.cpp.o
Archiving .pio\build\az-delivery-devkit-v4\lib04b\libOneWireNg.a
Compiling .pio\build\az-delivery-devkit-v4\FrameworkArduino\IPv6Address.cpp.o
Indexing .pio\build\az-delivery-devkit-v4\lib04b\libOneWireNg.a
Compiling .pio\build\az-delivery-devkit-v4\FrameworkArduino\MD5Builder.cpp.o
Archiving .pio\build\az-delivery-devkit-v4\libcb7\libPreferences.a
Indexing .pio\build\az-delivery-devkit-v4\libcb7\libPreferences.a
Compiling .pio\build\az-delivery-devkit-v4\FrameworkArduino\Print.cpp.o
Compiling .pio\build\az-delivery-devkit-v4\FrameworkArduino\Stream.cpp.o
Compiling .pio\build\az-delivery-devkit-v4\FrameworkArduino\StreamString.cpp.o
Compiling .pio\build\az-delivery-devkit-v4\FrameworkArduino\Tone.cpp.o
Compiling .pio\build\az-delivery-devkit-v4\FrameworkArduino\USB.cpp.o
Compiling .pio\build\az-delivery-devkit-v4\FrameworkArduino\USBCDC.cpp.o
Compiling .pio\build\az-delivery-devkit-v4\FrameworkArduino\USBMSC.cpp.o
Compiling .pio\build\az-delivery-devkit-v4\FrameworkArduino\WMath.cpp.o
Compiling .pio\build\az-delivery-devkit-v4\FrameworkArduino\WString.cpp.o
Compiling .pio\build\az-delivery-devkit-v4\FrameworkArduino\base64.cpp.o
Archiving .pio\build\az-delivery-devkit-v4\lib9b0\libOneWire.a
Indexing .pio\build\az-delivery-devkit-v4\lib9b0\libOneWire.a
Compiling .pio\build\az-delivery-devkit-v4\FrameworkArduino\cbuf.cpp.o
Compiling .pio\build\az-delivery-devkit-v4\FrameworkArduino\esp32-hal-adc.c.o
Compiling .pio\build\az-delivery-devkit-v4\FrameworkArduino\esp32-hal-bt.c.o
Compiling .pio\build\az-delivery-devkit-v4\FrameworkArduino\esp32-hal-cpu.c.o
Compiling .pio\build\az-delivery-devkit-v4\FrameworkArduino\esp32-hal-dac.c.o
Compiling .pio\build\az-delivery-devkit-v4\FrameworkArduino\esp32-hal-gpio.c.o
Compiling .pio\build\az-delivery-devkit-v4\FrameworkArduino\esp32-hal-i2c-slave.c.o
Compiling .pio\build\az-delivery-devkit-v4\FrameworkArduino\esp32-hal-i2c.c.o
Compiling .pio\build\az-delivery-devkit-v4\FrameworkArduino\esp32-hal-ledc.c.o
Compiling .pio\build\az-delivery-devkit-v4\FrameworkArduino\esp32-hal-matrix.c.o
Compiling .pio\build\az-delivery-devkit-v4\FrameworkArduino\esp32-hal-misc.c.o
Compiling .pio\build\az-delivery-devkit-v4\FrameworkArduino\esp32-hal-psram.c.o
Compiling .pio\build\az-delivery-devkit-v4\FrameworkArduino\esp32-hal-rgb-led.c.o
Compiling .pio\build\az-delivery-devkit-v4\FrameworkArduino\esp32-hal-rmt.c.o
Compiling .pio\build\az-delivery-devkit-v4\FrameworkArduino\esp32-hal-sigmadelta.c.o
Compiling .pio\build\az-delivery-devkit-v4\FrameworkArduino\esp32-hal-spi.c.o
Compiling .pio\build\az-delivery-devkit-v4\FrameworkArduino\esp32-hal-time.c.o
Compiling .pio\build\az-delivery-devkit-v4\FrameworkArduino\esp32-hal-timer.c.o
Compiling .pio\build\az-delivery-devkit-v4\FrameworkArduino\esp32-hal-tinyusb.c.o
Compiling .pio\build\az-delivery-devkit-v4\FrameworkArduino\esp32-hal-touch.c.o
Compiling .pio\build\az-delivery-devkit-v4\FrameworkArduino\esp32-hal-uart.c.o
Compiling .pio\build\az-delivery-devkit-v4\FrameworkArduino\firmware_msc_fat.c.o
Compiling .pio\build\az-delivery-devkit-v4\FrameworkArduino\libb64\cdecode.c.o
Compiling .pio\build\az-delivery-devkit-v4\FrameworkArduino\libb64\cencode.c.o
Compiling .pio\build\az-delivery-devkit-v4\FrameworkArduino\main.cpp.o
Compiling .pio\build\az-delivery-devkit-v4\FrameworkArduino\stdlib_noniso.c.o
Compiling .pio\build\az-delivery-devkit-v4\FrameworkArduino\wiring_pulse.c.o
Compiling .pio\build\az-delivery-devkit-v4\FrameworkArduino\wiring_shift.c.o
Archiving .pio\build\az-delivery-devkit-v4\libFrameworkArduino.a
Indexing .pio\build\az-delivery-devkit-v4\libFrameworkArduino.a
Linking .pio\build\az-delivery-devkit-v4\firmware.elf
Retrieving maximum program size .pio\build\az-delivery-devkit-v4\firmware.elf
Checking size .pio\build\az-delivery-devkit-v4\firmware.elf
Advanced Memory Usage is available via "PlatformIO Home > Project Inspect"
RAM:   [=         ]   9.7% (used 51572 bytes from 532480 bytes)
Flash: [=======   ]  74.8% (used 1469829 bytes from 1966080 bytes)
Building .pio\build\az-delivery-devkit-v4\firmware.bin
esptool.py v4.9.0
Creating esp32 image...
Merged 27 ELF sections
Successfully created esp32 image.
======================== [SUCCESS] Took 523.88 seconds ========================
